// Vitest Snapshot v1, https://vitest.dev/guide/snapshot.html

exports[`generateRecommendations — modo snapshot (offline, determinista) > GOLDEN: el ranking y los scores quedan congelados (atrapa regresiones del motor) 1`] = `
[
  {
    "id": "imp-cot-design",
    "score": 26759678,
  },
  {
    "id": "imp-cot-product",
    "score": 13585683,
  },
  {
    "id": "hs-stock",
    "score": 6741920,
  },
  {
    "id": "hs-loop",
    "score": 5763623,
  },
  {
    "id": "dead",
    "score": 4116874,
  },
  {
    "id": "channel-best",
    "score": 3080000,
  },
  {
    "id": "live",
    "score": 2940624,
  },
  {
    "id": "hs-winrate",
    "score": 1422146,
  },
  {
    "id": "channel-junk",
    "score": 616000,
  },
  {
    "id": "imp-con-design",
    "score": 280000,
  },
  {
    "id": "imp-emp-product",
    "score": 280000,
  },
  {
    "id": "imp-con-product",
    "score": 200000,
  },
  {
    "id": "imp-con-dev",
    "score": 186667,
  },
  {
    "id": "imp-cot-dev",
    "score": 133333,
  },
  {
    "id": "trend-up",
    "score": 105000,
  },
  {
    "id": "imp-emp-design",
    "score": 52500,
  },
  {
    "id": "hs-cancel",
    "score": 37500,
  },
  {
    "id": "imp-emp-dev",
    "score": 35000,
  },
]
`;
